[www.benhaddock.co.uk/index.html]
[backblue.gif]
[fade.gif]
[index.html]
[www.fatsoma.com/index.html]
[www.behance.net/gallery/66686993/Celebrating-Wranglers-70th-birthday.html]
[www.behance.net/gallery/66730771/Bringing-Wrangler-Europe-closer-to-its-audience.html]
[www.behance.net/gallery/15178791/Creating-a-companion-app-for-Chester-Zoo.html]
[www.behance.net/gallery/26530435/Showcasing-Chester-Zoos-rich-history.html]
[www.behance.net/benhaddock.html]
[www.benhaddock.co.uk/index.html]
[twitter.com/benhaddock.html]
[www.benhaddock.co.uk/fonts/agrandir-medium.woff]
[www.benhaddock.co.uk/fonts/basiersquare-regular.woff]
[www.benhaddock.co.uk/img/small/image-fatsoma@2x.png]
[www.benhaddock.co.uk/img/small/image-wrangler@2x.png]
[www.benhaddock.co.uk/img/small/image-chester-zoo@2x.png]
[www.benhaddock.co.uk/img/small/image-fatsoma@3x.png]
[www.benhaddock.co.uk/img/small/image-wrangler@3x.png]
[www.benhaddock.co.uk/img/small/image-chester-zoo@3x.png]
[www.benhaddock.co.uk/img/large/image-fatsoma@2x.png]
[www.benhaddock.co.uk/img/large/image-wrangler@2x.png]
[www.benhaddock.co.uk/styles.css]
[www.benhaddock.co.uk/img/large/image-chester-zoo@2x.png]
[cdn-ember.fatsoma.com/assets/fonts/fonts-9b0c8531fb0c2dff10155754facd51d2.css]
[cdn-ember.fatsoma.com/assets/fonts/axiforma/Axiforma-Black-5cc96aced1f59461b9a850c569ac7a6b.woff2]
[cdn-ember.fatsoma.com/assets/fonts/axiforma/Axiforma-Medium-ccc90eb2f64f43dcee0f2950cdb93481.woff2]
[cdn-ember.fatsoma.com/assets/fonts/axiforma/Axiforma-Regular-76fbe6cb4c1358ac64deeb7e0bddbc57.woff2]
[cdn-ember.fatsoma.com/assets/fonts/axiforma/Axiforma-Bold-09129152e3337ef577d0424f9c0f61f5.woff2]
[cdn-ember.fatsoma.com/assets/fonts/axiforma/Axiforma-ExtraBold-f4cda42becfff0266144ed941cc5fc0f.woff2]
[cdn-ember.fatsoma.com/assets/fonts/axiforma/Axiforma-SemiBold-0da118ed4e83459dc5b523b4d613dad8.woff2]
[cdn-ember.fatsoma.com/assets/favicon/favicon-d6073e1e3bcb3349ee8c4c7f2894b5e7.ico]
[external.html]
[www.fatsoma.com/index.html]
